Opening file anycubic-photon-d2.dl2p: Done in 0.09s
Extracting to anycubic-photon-d2: Done in 0.01s
Opening file anycubic-photon-m3-max.pm3m: Done in 0.10s
Extracting to anycubic-photon-m3-max: Done in 0.03s
Opening file anycubic-photon-m3-plus.pwmb: Done in 0.10s
Extracting to anycubic-photon-m3-plus: Done in 0.03s
Opening file anycubic-photon-m3-premium.pm3r: Done in 0.10s
Extracting to anycubic-photon-m3-premium: Done in 0.04s
Opening file anycubic-photon-m3.pm3: Done in 0.09s
Extracting to anycubic-photon-m3: Done in 0.02s
Opening file anycubic-photon-mono-2.pm3n: Done in 0.09s
Extracting to anycubic-photon-mono-2: Done in 0.02s
Opening file anycubic-photon-mono-4k.pwma: Done in 0.09s
Extracting to anycubic-photon-mono-4k: Done in 0.02s
Opening file anycubic-photon-mono-m5.pm5: Done in 0.11s
Extracting to anycubic-photon-mono-m5: Done in 0.07s
Opening file anycubic-photon-mono-m5s-pro.m5sp: Done in 0.10s
Extracting to anycubic-photon-mono-m5s-pro: Done in 0.09s
Opening file anycubic-photon-mono-m5s.pm5s: Done in 0.10s
Extracting to anycubic-photon-mono-m5s: Done in 0.07s
Opening file anycubic-photon-mono-se.pwms: Done in 0.09s
Extracting to anycubic-photon-mono-se: Done in 0.01s
Opening file anycubic-photon-mono-sq.pmsq: Done in 0.09s
Extracting to anycubic-photon-mono-sq: Done in 0.01s
Opening file anycubic-photon-mono-x-6k.pwmb: Done in 0.10s
Extracting to anycubic-photon-mono-x-6k: Done in 0.03s
Opening file anycubic-photon-mono-x-6ks.px6s: Done in 0.10s
Extracting to anycubic-photon-mono-x-6ks: Done in 0.03s
Opening file anycubic-photon-mono-x.pwmx: Done in 0.09s
Extracting to anycubic-photon-mono-x: Done in 0.02s
Opening file anycubic-photon-mono-x2.pmx2: Done in 0.09s
Extracting to anycubic-photon-mono-x2: Done in 0.02s
Opening file anycubic-photon-mono.pwmo: Done in 0.09s
Extracting to anycubic-photon-mono: Done in 0.01s
Opening file anycubic-photon-ultra.dlp: Done in 0.09s
Extracting to anycubic-photon-ultra: Done in 0.01s
